Microchip MPLAB XC8 Compiler V2.32

Linker command line:

-W-3 --edf=C:\Program Files\Microchip\xc8\v2.32\pic\dat\en_msgs.txt -cn \
  -h+dist/default/production\Pathfollower.X.production.sym \
  --cmf=dist/default/production\Pathfollower.X.production.cmf -z -Q16F1829 \
  -oC:\Users\Tom\AppData\Local\Temp\xcAsgsg.4 --defsym=__MPLAB_BUILD=1 \
  -Mdist/default/production/Pathfollower.X.production.map -E1 \
  -ver=XC8 Compiler --acfsm=1493 -ASTACK=02040h-023EFh -pstack=STACK \
  -ACODE=00h-07FFhx4 -ASTRCODE=00h-01FFFh -ASTRING=00h-0FFhx32 \
  -ACONST=00h-0FFhx32 -AENTRY=00h-0FFhx32 -ACOMMON=070h-07Fh \
  -ABANK0=020h-06Fh -ABANK1=0A0h-0EFh -ABANK2=0120h-016Fh \
  -ABANK3=01A0h-01EFh -ABANK4=0220h-026Fh -ABANK5=02A0h-02EFh \
  -ABANK6=0320h-036Fh -ABANK7=03A0h-03EFh -ABANK8=0420h-046Fh \
  -ABANK9=04A0h-04EFh -ABANK10=0520h-056Fh -ABANK11=05A0h-05EFh \
  -ABANK12=0620h-064Fh -ABIGRAM=02000h-023EFh \
  -ARAM=020h-06Fh,0A0h-0EFh,0120h-016Fh,01A0h-01EFh,0220h-026Fh,02A0h-02EFh,0320h-036Fh,03A0h-03EFh,0420h-046Fh,04A0h-04EFh,0520h-056Fh,05A0h-05EFh,0620h-064Fh \
  -AABS1=020h-07Fh,0A0h-0EFh,0120h-016Fh,01A0h-01EFh,0220h-026Fh,02A0h-02EFh,0320h-036Fh,03A0h-03EFh,0420h-046Fh,04A0h-04EFh,0520h-056Fh,05A0h-05EFh,0620h-064Fh \
  -ASFR0=00h-01Fh -ASFR1=080h-09Fh -ASFR2=0100h-011Fh -ASFR3=0180h-019Fh \
  -ASFR4=0200h-021Fh -ASFR5=0280h-029Fh -ASFR6=0300h-031Fh \
  -ASFR7=0380h-039Fh -ASFR8=0400h-041Fh -ASFR9=0480h-049Fh \
  -ASFR10=0500h-051Fh -ASFR11=0580h-059Fh -ASFR12=0600h-061Fh \
  -ASFR13=0680h-06EFh -ASFR14=0700h-076Fh -ASFR15=0780h-07EFh \
  -ASFR16=0800h-086Fh -ASFR17=0880h-08EFh -ASFR18=0900h-096Fh \
  -ASFR19=0980h-09EFh -ASFR20=0A00h-0A6Fh -ASFR21=0A80h-0AEFh \
  -ASFR22=0B00h-0B6Fh -ASFR23=0B80h-0BEFh -ASFR24=0C00h-0C6Fh \
  -ASFR25=0C80h-0CEFh -ASFR26=0D00h-0D6Fh -ASFR27=0D80h-0DEFh \
  -ASFR28=0E00h-0E6Fh -ASFR29=0E80h-0EEFh -ASFR30=0F00h-0F6Fh \
  -ASFR31=0F80h-0FEFh -ACONFIG=08007h-08008h -DCONFIG=2 \
  -AIDLOC=08000h-08003h -DIDLOC=2 -AEEDATA=00h-0FFh/0F000h \
  -peeprom_data=EEDATA -DEEDATA=2 -DCODE=2 -DSTRCODE=2 -DSTRING=2 -DCONST=2 \
  -DENTRY=2 -preset_vec=00h,intentry=04h,init,end_init -ppowerup=CODE \
  -pcinit=CODE -pfunctab=ENTRY -k C:\Users\Tom\AppData\Local\Temp\xcAsgsg.o \
  dist/default/production\Pathfollower.X.production.o 

Object code version is 3.11

Machine type is 16F1829



                Name                               Link     Load   Length Selector   Space Scale
C:\Users\Tom\AppData\Local\Temp\xcAsgsg.o
                end_init                              E        E        2        8       0
                reset_vec                             0        0        2        0       0
                config                             8007     8007        2        0       4
dist/default/production\Pathfollower.X.production.o
                cinit                                10       10       17        8       0
                intentry                              4        4        A        8       0
                config                             8007     8007        2        0       4
                text17                              47F      47F       3C      3D4       0
                text16                              443      443       3C      3D4       0
                text14                              5B1      5B1        F      3D4       0
                text13                              541      541       20      3D4       0
                text12                              5C0      5C0        9      3D4       0
                text11                              30D      30D       C5      3D4       0
                text10                              5D1      5D1        8      3D4       0
                text9                               5D9      5D9        7      3D4       0
                text8                               520      520       21      3D4       0
                text7                               5C9      5C9        8      3D4       0
                text6                               561      561       1F      3D4       0
                text5                               59C      59C       15      3D4       0
                text4                               580      580       1C      3D4       0
                text3                               4F2      4F2       2E      3D4       0
                text2                               3D2      3D2       71      3D4       0
                text1                               4BB      4BB       37      3D4       0
                maintext                            1EA      1EA      123      3D4       0
                cstackBANK0                          44       44       1C       20       1
                cstackCOMMON                         70       70        5       70       1
                clrtext                             5E0      5E0        6      3D4       0
                bssBANK0                             20       20       24       20       1
                dataCOMMON                           78       78        2       70       1
                bssCOMMON                            75       75        3       70       1
                stringtext1                          27       27      1C3       4E       0
                idataCOMMON                         5E6      5E6        2      3D4       0

TOTAL           Name                               Link     Load   Length     Space
        CLASS   STACK          

        CLASS   CODE           
                end_init                              E        E        2         0
                cinit                                10       10       17         0
                intentry                              4        4        A         0
                reset_vec                             0        0        2         0
                text17                              47F      47F       3C         0
                text16                              443      443       3C         0
                text14                              5B1      5B1        F         0
                text13                              541      541       20         0
                text12                              5C0      5C0        9         0
                text11                              30D      30D       C5         0
                text10                              5D1      5D1        8         0
                text9                               5D9      5D9        7         0
                text8                               520      520       21         0
                text7                               5C9      5C9        8         0
                text6                               561      561       1F         0
                text5                               59C      59C       15         0
                text4                               580      580       1C         0
                text3                               4F2      4F2       2E         0
                text2                               3D2      3D2       71         0
                text1                               4BB      4BB       37         0
                maintext                            1EA      1EA      123         0
                clrtext                             5E0      5E0        6         0
                idataCOMMON                         5E6      5E6        2         0

        CLASS   STRCODE        
                stringtext1                          27       27      1C3         0

        CLASS   STRING         

        CLASS   CONST          

        CLASS   ENTRY          

        CLASS   COMMON         
                cstackCOMMON                         70       70        5         1
                dataCOMMON                           78       78        2         1
                bssCOMMON                            75       75        3         1

        CLASS   BANK0          
                cstackBANK0                          44       44       1C         1
                bssBANK0                             20       20       24         1

        CLASS   BANK1          

        CLASS   BANK2          

        CLASS   BANK3          

        CLASS   BANK4          

        CLASS   BANK5          

        CLASS   BANK6          

        CLASS   BANK7          

        CLASS   BANK8          

        CLASS   BANK9          

        CLASS   BANK10         

        CLASS   BANK11         

        CLASS   BANK12         

        CLASS   BIGRAM         

        CLASS   RAM            

        CLASS   ABS1           
                abs_s1                               7E       7E        2         1

        CLASS   SFR0           

        CLASS   SFR1           

        CLASS   SFR2           

        CLASS   SFR3           

        CLASS   SFR4           

        CLASS   SFR5           

        CLASS   SFR6           

        CLASS   SFR7           

        CLASS   SFR8           

        CLASS   SFR9           

        CLASS   SFR10          

        CLASS   SFR11          

        CLASS   SFR12          

        CLASS   SFR13          

        CLASS   SFR14          

        CLASS   SFR15          

        CLASS   SFR16          

        CLASS   SFR17          

        CLASS   SFR18          

        CLASS   SFR19          

        CLASS   SFR20          

        CLASS   SFR21          

        CLASS   SFR22          

        CLASS   SFR23          

        CLASS   SFR24          

        CLASS   SFR25          

        CLASS   SFR26          

        CLASS   SFR27          

        CLASS   SFR28          

        CLASS   SFR29          

        CLASS   SFR30          

        CLASS   SFR31          

        CLASS   CONFIG         
                config                             8007     8007        2         4

        CLASS   IDLOC          

        CLASS   EEDATA         

        CLASS   BANK31         

        CLASS   BANK30         

        CLASS   BANK29         

        CLASS   BANK28         

        CLASS   BANK27         

        CLASS   BANK26         

        CLASS   BANK25         

        CLASS   BANK24         

        CLASS   BANK23         

        CLASS   BANK22         

        CLASS   BANK21         

        CLASS   BANK20         

        CLASS   BANK19         

        CLASS   BANK18         

        CLASS   BANK17         

        CLASS   BANK16         

        CLASS   BANK15         

        CLASS   BANK14         

        CLASS   BANK13         



SEGMENTS        Name                           Load    Length   Top    Selector   Space  Class     Delta

                reset_vec                      000000  000002  000002         0       0  CODE        2
                intentry                       000004  000023  000027         8       0  CODE        2
                bssBANK0                       000020  000040  000060        20       1  BANK0       1
                stringtext1                    000027  0001C3  0001EA        4E       0  STRCODE     2
                cstackCOMMON                   000070  00000A  00007A        70       1  COMMON      1
                maintext                       0001EA  0003FE  0005E8       3D4       0  CODE        2


UNUSED ADDRESS RANGES

        Name                Unused          Largest block    Delta
        BANK0            00060-0006F              10           1
        BANK1            000A0-000EF              50           1
        BANK10           00520-0056F              50           1
        BANK11           005A0-005EF              50           1
        BANK12           00620-0064F              30           1
        BANK2            00120-0016F              50           1
        BANK3            001A0-001EF              50           1
        BANK4            00220-0026F              50           1
        BANK5            002A0-002EF              50           1
        BANK6            00320-0036F              50           1
        BANK7            003A0-003EF              50           1
        BANK8            00420-0046F              50           1
        BANK9            004A0-004EF              50           1
        BIGRAM           02000-023EF             3F0           1
        CODE             00002-00003               2           2
                         005E8-01FFF             800
        COMMON           0007A-0007D               4           1
        CONST            00002-00003               2           2
                         005E8-01FFF             100
        EEDATA           0F000-0F0FF             100           2
        ENTRY            00002-00003               2           2
                         005E8-01FFF             100
        IDLOC            08000-08003               4           2
        RAM              00060-0006F              10           1
                         000A0-000EF              50
                         00120-0016F              50
                         001A0-001EF              50
                         00220-0026F              50
                         002A0-002EF              50
                         00320-0036F              50
                         003A0-003EF              50
                         00420-0046F              50
                         004A0-004EF              50
                         00520-0056F              50
                         005A0-005EF              50
                         00620-0064F              30
        SFR0             00000-0001F              20           1
        SFR1             00080-0009F              20           1
        SFR10            00500-0051F              20           1
        SFR11            00580-0059F              20           1
        SFR12            00600-0061F              20           1
        SFR13            00680-006EF              70           1
        SFR14            00700-0076F              70           1
        SFR15            00780-007EF              70           1
        SFR16            00800-0086F              70           1
        SFR17            00880-008EF              70           1
        SFR18            00900-0096F              70           1
        SFR19            00980-009EF              70           1
        SFR2             00100-0011F              20           1
        SFR20            00A00-00A6F              70           1
        SFR21            00A80-00AEF              70           1
        SFR22            00B00-00B6F              70           1
        SFR23            00B80-00BEF              70           1
        SFR24            00C00-00C6F              70           1
        SFR25            00C80-00CEF              70           1
        SFR26            00D00-00D6F              70           1
        SFR27            00D80-00DEF              70           1
        SFR28            00E00-00E6F              70           1
        SFR29            00E80-00EEF              70           1
        SFR3             00180-0019F              20           1
        SFR30            00F00-00F6F              70           1
        SFR31            00F80-00FEF              70           1
        SFR4             00200-0021F              20           1
        SFR5             00280-0029F              20           1
        SFR6             00300-0031F              20           1
        SFR7             00380-0039F              20           1
        SFR8             00400-0041F              20           1
        SFR9             00480-0049F              20           1
        STACK            02040-023EF             3B0           1
        STRCODE          00002-00003               2           2
                         005E8-01FFF            1A18
        STRING           00002-00003               2           2
                         005E8-01FFF             100

                                  Symbol Table

?___wmul                         cstackBANK0  00044
?_abs                            cstackBANK0  00044
Stepper@num_of_steps             cstackBANK0  00044
_ANSELBbits                      (abs)        0018D
_BRG16                           (abs)        00CFB
_BRGH                            (abs)        00CF2
_CREN                            (abs)        00CEC
_FERR                            (abs)        00CEA
_GIE                             (abs)        0005F
_ISR                             intentry     00004
_LATCbits                        (abs)        0010E
_OERR                            (abs)        00CE9
_OSCCONbits                      (abs)        00099
_PEIE                            (abs)        0005E
_RCIE                            (abs)        0048D
_RCIF                            (abs)        0008D
_RCREG                           (abs)        00199
_RCSTAbits                       (abs)        0019D
_SPBRG                           (abs)        0019B
_Stepper                         text14       005B1
_TRISCbits                       (abs)        0008E
_TXIE                            (abs)        0048C
_TXIF                            (abs)        0008C
_TXREG                           (abs)        0019A
_TXSTAbits                       (abs)        0019E
__Habs1                          abs1         00000
__Hbank0                         bank0        00000
__Hbank1                         bank1        00000
__Hbank10                        bank10       00000
__Hbank11                        bank11       00000
__Hbank12                        bank12       00000
__Hbank13                        bank13       00000
__Hbank14                        bank14       00000
__Hbank15                        bank15       00000
__Hbank16                        bank16       00000
__Hbank17                        bank17       00000
__Hbank18                        bank18       00000
__Hbank19                        bank19       00000
__Hbank2                         bank2        00000
__Hbank20                        bank20       00000
__Hbank21                        bank21       00000
__Hbank22                        bank22       00000
__Hbank23                        bank23       00000
__Hbank24                        bank24       00000
__Hbank25                        bank25       00000
__Hbank26                        bank26       00000
__Hbank27                        bank27       00000
__Hbank28                        bank28       00000
__Hbank29                        bank29       00000
__Hbank3                         bank3        00000
__Hbank30                        bank30       00000
__Hbank31                        bank31       00000
__Hbank4                         bank4        00000
__Hbank5                         bank5        00000
__Hbank6                         bank6        00000
__Hbank7                         bank7        00000
__Hbank8                         bank8        00000
__Hbank9                         bank9        00000
__Hbigram                        bigram       00000
__HbssBANK0                      bssBANK0     00000
__HbssCOMMON                     bssCOMMON    00000
__Hcinit                         cinit        00027
__Hclrtext                       clrtext      00000
__Hcode                          code         00000
__Hcommon                        common       00000
__Hconfig                        config       08009
__HcstackBANK0                   cstackBANK0  00000
__HcstackCOMMON                  cstackCOMMON 00000
__HdataCOMMON                    dataCOMMON   00000
__Heeprom_data                   eeprom_data  00000
__Hend_init                      end_init     00010
__Hfunctab                       functab      00000
__HidataCOMMON                   idataCOMMON  00000
__Hinit                          init         0000E
__Hintentry                      intentry     0000E
__Hmaintext                      maintext     00000
__Hpowerup                       powerup      00000
__Hram                           ram          00000
__Hreset_vec                     reset_vec    00002
__Hsfr0                          sfr0         00000
__Hsfr1                          sfr1         00000
__Hsfr10                         sfr10        00000
__Hsfr11                         sfr11        00000
__Hsfr12                         sfr12        00000
__Hsfr13                         sfr13        00000
__Hsfr14                         sfr14        00000
__Hsfr15                         sfr15        00000
__Hsfr16                         sfr16        00000
__Hsfr17                         sfr17        00000
__Hsfr18                         sfr18        00000
__Hsfr19                         sfr19        00000
__Hsfr2                          sfr2         00000
__Hsfr20                         sfr20        00000
__Hsfr21                         sfr21        00000
__Hsfr22                         sfr22        00000
__Hsfr23                         sfr23        00000
__Hsfr24                         sfr24        00000
__Hsfr25                         sfr25        00000
__Hsfr26                         sfr26        00000
__Hsfr27                         sfr27        00000
__Hsfr28                         sfr28        00000
__Hsfr29                         sfr29        00000
__Hsfr3                          sfr3         00000
__Hsfr30                         sfr30        00000
__Hsfr31                         sfr31        00000
__Hsfr4                          sfr4         00000
__Hsfr5                          sfr5         00000
__Hsfr6                          sfr6         00000
__Hsfr7                          sfr7         00000
__Hsfr8                          sfr8         00000
__Hsfr9                          sfr9         00000
__Hspace_0                       (abs)        005E8
__Hspace_1                       (abs)        0007A
__Hspace_2                       (abs)        00000
__Hspace_3                       (abs)        00000
__Hspace_4                       (abs)        10010
__Hstack                         stack        00000
__Hstrings                       strings      00000
__Hstringtext1                   stringtext1  00000
__Hstringtext2                   stringtext2  00000
__Htext                          text         00000
__Labs1                          abs1         00000
__Lbank0                         bank0        00000
__Lbank1                         bank1        00000
__Lbank10                        bank10       00000
__Lbank11                        bank11       00000
__Lbank12                        bank12       00000
__Lbank13                        bank13       00000
__Lbank14                        bank14       00000
__Lbank15                        bank15       00000
__Lbank16                        bank16       00000
__Lbank17                        bank17       00000
__Lbank18                        bank18       00000
__Lbank19                        bank19       00000
__Lbank2                         bank2        00000
__Lbank20                        bank20       00000
__Lbank21                        bank21       00000
__Lbank22                        bank22       00000
__Lbank23                        bank23       00000
__Lbank24                        bank24       00000
__Lbank25                        bank25       00000
__Lbank26                        bank26       00000
__Lbank27                        bank27       00000
__Lbank28                        bank28       00000
__Lbank29                        bank29       00000
__Lbank3                         bank3        00000
__Lbank30                        bank30       00000
__Lbank31                        bank31       00000
__Lbank4                         bank4        00000
__Lbank5                         bank5        00000
__Lbank6                         bank6        00000
__Lbank7                         bank7        00000
__Lbank8                         bank8        00000
__Lbank9                         bank9        00000
__Lbigram                        bigram       00000
__LbssBANK0                      bssBANK0     00000
__LbssCOMMON                     bssCOMMON    00000
__Lcinit                         cinit        00010
__Lclrtext                       clrtext      00000
__Lcode                          code         00000
__Lcommon                        common       00000
__Lconfig                        config       00000
__LcstackBANK0                   cstackBANK0  00000
__LcstackCOMMON                  cstackCOMMON 00000
__LdataCOMMON                    dataCOMMON   00000
__Leeprom_data                   eeprom_data  00000
__Lend_init                      end_init     0000E
__Lfunctab                       functab      00000
__LidataCOMMON                   idataCOMMON  00000
__Linit                          init         0000E
__Lintentry                      intentry     00004
__Lmaintext                      maintext     00000
__Lpowerup                       powerup      00000
__Lram                           ram          00000
__Lreset_vec                     reset_vec    00000
__Lsfr0                          sfr0         00000
__Lsfr1                          sfr1         00000
__Lsfr10                         sfr10        00000
__Lsfr11                         sfr11        00000
__Lsfr12                         sfr12        00000
__Lsfr13                         sfr13        00000
__Lsfr14                         sfr14        00000
__Lsfr15                         sfr15        00000
__Lsfr16                         sfr16        00000
__Lsfr17                         sfr17        00000
__Lsfr18                         sfr18        00000
__Lsfr19                         sfr19        00000
__Lsfr2                          sfr2         00000
__Lsfr20                         sfr20        00000
__Lsfr21                         sfr21        00000
__Lsfr22                         sfr22        00000
__Lsfr23                         sfr23        00000
__Lsfr24                         sfr24        00000
__Lsfr25                         sfr25        00000
__Lsfr26                         sfr26        00000
__Lsfr27                         sfr27        00000
__Lsfr28                         sfr28        00000
__Lsfr29                         sfr29        00000
__Lsfr3                          sfr3         00000
__Lsfr30                         sfr30        00000
__Lsfr31                         sfr31        00000
__Lsfr4                          sfr4         00000
__Lsfr5                          sfr5         00000
__Lsfr6                          sfr6         00000
__Lsfr7                          sfr7         00000
__Lsfr8                          sfr8         00000
__Lsfr9                          sfr9         00000
__Lspace_0                       (abs)        00000
__Lspace_1                       (abs)        00000
__Lspace_2                       (abs)        00000
__Lspace_3                       (abs)        00000
__Lspace_4                       (abs)        00000
__Lstack                         stack        00000
__Lstrings                       strings      00000
__Lstringtext1                   stringtext1  00000
__Lstringtext2                   stringtext2  00000
__Ltext                          text         00000
__S0                             (abs)        005E8
__S1                             (abs)        0007A
__S2                             (abs)        00000
__S3                             (abs)        00000
___int_sp                        stack        00000
___latbits                       (abs)        00002
___sp                            stack        00000
___stackhi                       (abs)        023EF
___stacklo                       (abs)        02040
___wmul                          text13       00541
___wmul@multiplicand             cstackBANK0  00046
___wmul@multiplier               cstackBANK0  00044
___wmul@product                  cstackBANK0  00048
__end_of_ISR                     intentry     0000E
__end_of_Stepper                 text14       005C0
__end_of___wmul                  text13       00561
__end_of__initialization         cinit        00023
__end_of_abs                     text4        0059C
__end_of_empty_comb              text12       005C9
__end_of_main                    maintext     0030D
__end_of_setup                   text5        005B1
__end_of_spbr_array              stringtext1  001E7
__end_of_step                    text2        00443
__end_of_stepMotor               text3        00520
__end_of_uart_clock_setup        text11       003D2
__end_of_uart_flush_buffer       text8        00541
__end_of_uart_handle_rcv_int     text17       004BB
__end_of_uart_handle_tx_int      text16       0047F
__end_of_uart_init               text6        00580
__end_of_uart_read_char          text1        004F2
__end_of_uart_reciever_setup     text10       005D9
__end_of_uart_transmitter_setup  text9        005E0
__end_of_uart_turnoff            text7        005D1
__initialization                 cinit        00010
__pbssBANK0                      bssBANK0     00020
__pbssCOMMON                     bssCOMMON    00075
__pcstackBANK0                   cstackBANK0  00044
__pcstackCOMMON                  cstackCOMMON 00070
__pdataCOMMON                    dataCOMMON   00078
__pidataCOMMON                   idataCOMMON  005E6
__pintentry                      intentry     00004
__pmaintext                      maintext     001EA
__pstringtext1                   stringtext1  00027
__pstringtext2                   stringtext2  00000
__ptext1                         text1        004BB
__ptext10                        text10       005D1
__ptext11                        text11       0030D
__ptext12                        text12       005C0
__ptext13                        text13       00541
__ptext14                        text14       005B1
__ptext16                        text16       00443
__ptext17                        text17       0047F
__ptext2                         text2        003D2
__ptext3                         text3        004F2
__ptext4                         text4        00580
__ptext5                         text5        0059C
__ptext6                         text6        00561
__ptext7                         text7        005C9
__ptext8                         text8        00520
__ptext9                         text9        005D9
__size_of_ISR                    (abs)        00000
__size_of_Stepper                (abs)        00000
__size_of___wmul                 (abs)        00000
__size_of_abs                    (abs)        00000
__size_of_empty_comb             (abs)        00000
__size_of_main                   (abs)        00000
__size_of_setup                  (abs)        00000
__size_of_step                   (abs)        00000
__size_of_stepMotor              (abs)        00000
__size_of_uart_clock_setup       (abs)        00000
__size_of_uart_flush_buffer      (abs)        00000
__size_of_uart_handle_rcv_int    (abs)        00000
__size_of_uart_handle_tx_int     (abs)        00000
__size_of_uart_init              (abs)        00000
__size_of_uart_read_char         (abs)        00000
__size_of_uart_reciever_setup    (abs)        00000
__size_of_uart_transmitter_setup (abs)        00000
__size_of_uart_turnoff           (abs)        00000
_abs                             text4        00580
_comb1                           bssBANK0     00042
_comb2                           bssBANK0     00041
_comb3                           bssBANK0     00040
_comb4                           bssBANK0     0003F
_comb5                           bssBANK0     0003E
_comb6                           bssBANK0     0003D
_comb7                           bssBANK0     0003C
_direction                       bssBANK0     0003A
_empty_comb                      text12       005C0
_main                            maintext     001EA
_number_of_steps                 bssBANK0     00038
_setup                           text5        0059C
_spbr_array                      stringtext1  00027
_step                            text2        003D2
_stepMotor                       text3        004F2
_step_number                     bssBANK0     00036
_stepvar                         bssBANK0     00034
_uart_clock_setup                text11       0030D
_uart_flush_buffer               text8        00520
_uart_handle_rcv_int             text17       0047F
_uart_handle_rcv_int$256         cstackCOMMON 00073
_uart_handle_tx_int              text16       00443
_uart_handle_tx_int$258          cstackCOMMON 00073
_uart_init                       text6        00561
_uart_read_char                  text1        004BB
_uart_read_char$261              cstackBANK0  00048
_uart_recieve_buffer             bssBANK0     0002A
_uart_recieve_head               bssCOMMON    00077
_uart_recieve_tail               bssBANK0     00043
_uart_reciever_setup             text10       005D1
_uart_transmit_buffer            bssBANK0     00020
_uart_transmit_head              bssCOMMON    00076
_uart_transmit_tail              bssCOMMON    00075
_uart_transmitter_setup          text9        005D9
_uart_turnoff                    text7        005C9
abs@a                            cstackBANK0  00044
btemp                            (abs)        0007E
clear_ram0                       clrtext      005E0
end_of_initialization            cinit        00023
int$flags                        (abs)        0007E
intlevel0                        functab      00000
intlevel1                        functab      00000
intlevel2                        functab      00000
intlevel3                        functab      00000
intlevel4                        functab      00000
intlevel5                        functab      00000
main@uart_char                   cstackBANK0  0005F
reset_vec                        reset_vec    00000
start                            init         0000E
start_initialization             cinit        00010
step@steps_left                  cstackBANK0  0004B
step@steps_to_move               cstackBANK0  00048
stepMotor@thisStep               cstackBANK0  00044
uart_clock_setup@b               cstackBANK0  00053
uart_clock_setup@c               cstackBANK0  00044
uart_clock_setup@i               cstackBANK0  00054
uart_flush_buffer@i              cstackBANK0  00044
uart_init@b                      cstackBANK0  00058
uart_init@c                      cstackBANK0  00056
uart_read_char@uart_char         cstackBANK0  00047
wtemp0                           (abs)        0007E


MODULE INFORMATION

Module		Function		Class		Link	Load	Size
stepperlib.c
		_stepMotor     		CODE           	04F2	0000	46
		_step          		CODE           	03D2	0000	113
		_Stepper       		CODE           	05B1	0000	15

stepperlib.c estimated size: 174

C:\Program Files\Microchip\xc8\v2.32\pic\sources\c99\common\Umul16.c
		___wmul        		CODE           	0541	0000	32

C:\Program Files\Microchip\xc8\v2.32\pic\sources\c99\common\Umul16.c estimated size: 32

LA.c
		_ISR           		CODE           	0004	0000	10
		_main          		CODE           	01EA	0000	291
		_setup         		CODE           	059C	0000	21
		_empty_comb    		CODE           	05C0	0000	9

LA.c estimated size: 331

C:\Program Files\Microchip\xc8\v2.32\pic\sources\c99\common\abs.c
		_abs           		CODE           	0580	0000	28

C:\Program Files\Microchip\xc8\v2.32\pic\sources\c99\common\abs.c estimated size: 28

shared
		__initialization		CODE           	0010	0000	19
		_spbr_array    		STRCODE        	0027	0000	448

shared estimated size: 467

uartlib.c
		_uart_reciever_setup		CODE           	05D1	0000	8
		_uart_turnoff  		CODE           	05C9	0000	8
		_uart_clock_setup		CODE           	030D	0000	197
		_uart_flush_buffer		CODE           	0520	0000	33
		_uart_init     		CODE           	0561	0000	31
		_uart_transmitter_setup		CODE           	05D9	0000	7
		_uart_read_char		CODE           	04BB	0000	55
		_uart_handle_rcv_int		CODE           	047F	0000	60
		_uart_handle_tx_int		CODE           	0443	0000	60

uartlib.c estimated size: 459

